// Jest Snapshot v1, https://goo.gl/fbAQLP

exports[`AccordionComponent should create 1`] = `
<vtm-accordion>
  <div
    class="govuk-accordion"
    data-module="govuk-accordion"
    id="accordion-default"
  />
</vtm-accordion>
`;

exports[`AccordionComponent should populate the accordion with provided content 1`] = `
<test-accordion>
  <p
    name="testAccordion"
  >
    Test
  </p>
</test-accordion>
`;
