// Jest Snapshot v1, https://goo.gl/fbAQLP

exports[`BatteryListApplicableEditComponent handleFormChanges should hide section when vehicle type dispatches HIDDEN 1`] = `
<vtm-battery-list-applicable-edit
  adrDetails={[Function Object]}
  adrForm={[Function FormGroup]}
  batterListValidationState$={[Function Observable]}
  detectChange={[Function ViewRef_]}
  fb={[Function FormBuilder]}
  onDestroy$={[Function Subject]}
  options={[Function Object]}
  parent={[Function FormGroupDirective]}
  removeAdrControl={[Function EventEmitter]}
  showBatteryListSection="false"
  validationMapper={[Function ValidationMapper]}
>
  
</vtm-battery-list-applicable-edit>
`;

exports[`BatteryListApplicableEditComponent should create with initialized form controls 1`] = `
<vtm-battery-list-applicable-edit
  adrDetails={[Function Object]}
  adrForm={[Function FormGroup]}
  batterListValidationState$={[Function Observable]}
  detectChange={[Function ViewRef_]}
  fb={[Function FormBuilder]}
  onDestroy$={[Function Subject]}
  options={[Function Object]}
  parent={[Function FormGroupDirective]}
  removeAdrControl={[Function EventEmitter]}
  showBatteryListSection={[Function Boolean]}
  validationMapper={[Function ValidationMapper]}
>
  <div
    class="govuk-grid-row"
  >
    <div
      class="govuk-grid-column-full"
    >
      <div
        class="govuk-form-group"
      >
        <fieldset
          class="govuk-fieldset"
        >
          <div
            class="ng-untouched ng-pristine ng-valid"
            ng-reflect-form="[object Object]"
          >
            <h2
              class="govuk-heading-m"
            >
              Battery list applicable
            </h2>
            <div
              class="govuk-radios govuk-radios--inline"
            >
              
              <div
                class="govuk-radios__item"
              >
                <input
                  class="govuk-radios__input ng-untouched ng-pristine ng-valid"
                  formcontrolname="listStatementApplicable"
                  id="listStatementApplicable-Yes"
                  name="listStatementApplicable"
                  ng-reflect-form-control-name="listStatementApplicable"
                  ng-reflect-name="listStatementApplicable"
                  ng-reflect-value="true"
                  type="radio"
                />
                <label
                  class="govuk-label govuk-radios__label"
                  for="listStatementApplicable-Yes"
                >
                   Yes 
                </label>
              </div>
              <div
                class="govuk-radios__item"
              >
                <input
                  class="govuk-radios__input ng-untouched ng-pristine ng-valid"
                  formcontrolname="listStatementApplicable"
                  id="listStatementApplicable-No"
                  name="listStatementApplicable"
                  ng-reflect-form-control-name="listStatementApplicable"
                  ng-reflect-name="listStatementApplicable"
                  ng-reflect-value="false"
                  type="radio"
                />
                <label
                  class="govuk-label govuk-radios__label"
                  for="listStatementApplicable-No"
                >
                   No 
                </label>
              </div>
              <div
                class="govuk-inset-text govuk-!-margin-top-0"
                id="conditional-battery-list-applicable"
              >
                <div
                  class="govuk-form-group govuk-!-margin-left-3"
                >
                  <label
                    class="govuk-label govuk-!-font-weight-bold"
                    for="batteryListNumber"
                  >
                     Reference number 
                  </label>
                  <input
                    class="govuk-input govuk-input--width-10 ng-untouched ng-pristine ng-valid"
                    formcontrolname="batteryListNumber"
                    id="batteryListNumber"
                    name="batteryListNumber"
                    ng-reflect-name="batteryListNumber"
                    type="text"
                  />
                </div>
              </div>
            </div>
          </div>
        </fieldset>
      </div>
    </div>
  </div>
</vtm-battery-list-applicable-edit>
`;
