// Jest Snapshot v1, https://goo.gl/fbAQLP

exports[`DdaComponent should create view only with populated data 1`] = `
<vtm-dda
  ddaDetails={[Function Object]}
  techRecHelpers={[Function TechRecordHelpersService]}
>
  <dl
    class="govuk-summary-list"
  >
    <div
      class="govuk-summary-list__row"
    >
      <dt
        class="govuk-summary-list__key"
      >
        DDA certificate issued (Yes/No)
      </dt>
      <dd
        class="govuk-summary-list__value"
        id="dda-certificateIssued"
      >
         Yes 
      </dd>
      <dd
        class="govuk-summary-list__value"
      />
    </div>
    <div
      class="govuk-summary-list__row"
    >
      <dt
        class="govuk-summary-list__key"
      >
        Wheelchair capacity
      </dt>
      <dd
        class="govuk-summary-list__value"
        id="dda-wheelchairCapacity"
      >
         23 
      </dd>
      <dd
        class="govuk-summary-list__value"
      />
    </div>
    <div
      class="govuk-summary-list__row"
    >
      <dt
        class="govuk-summary-list__key"
      >
        Wheelchair fittings
      </dt>
      <dd
        class="govuk-summary-list__value"
        id="dda-wheelchairFittings"
      >
         23 
      </dd>
      <dd
        class="govuk-summary-list__value"
      />
    </div>
    <div
      class="govuk-summary-list__row"
    >
      <dt
        class="govuk-summary-list__key"
      >
        Wheelchair lift present
      </dt>
      <dd
        class="govuk-summary-list__value"
        id="dda-wheelchairLiftPresent"
      >
         none 
      </dd>
      <dd
        class="govuk-summary-list__value"
      />
    </div>
    <div
      class="govuk-summary-list__row"
    >
      <dt
        class="govuk-summary-list__key"
      >
        Wheelchair lift information
      </dt>
      <dd
        class="govuk-summary-list__value"
        id="dda-wheelchairLiftInformation"
      >
         none 
      </dd>
      <dd
        class="govuk-summary-list__value"
      />
    </div>
    <div
      class="govuk-summary-list__row"
    >
      <dt
        class="govuk-summary-list__key"
      >
        Wheelchair ramp present
      </dt>
      <dd
        class="govuk-summary-list__value"
        id="dda-wheelchairRampInformation"
      >
         none 
      </dd>
      <dd
        class="govuk-summary-list__value"
      />
    </div>
    <div
      class="govuk-summary-list__row"
    >
      <dt
        class="govuk-summary-list__key"
      >
        Wheelchair ramp information
      </dt>
      <dd
        class="govuk-summary-list__value"
        id="dda-wheelchairRampInformation"
      >
         none 
      </dd>
      <dd
        class="govuk-summary-list__value"
      />
    </div>
    <div
      class="govuk-summary-list__row"
    >
      <dt
        class="govuk-summary-list__key"
      >
        Minimum emergency exits needed
      </dt>
      <dd
        class="govuk-summary-list__value"
        id="dda-minEmergencyExits"
      >
         3 
      </dd>
      <dd
        class="govuk-summary-list__value"
      />
    </div>
    <div
      class="govuk-summary-list__row"
    >
      <dt
        class="govuk-summary-list__key"
      >
        Outswing
      </dt>
      <dd
        class="govuk-summary-list__value"
        id="dda-outswing"
      >
         no 
      </dd>
      <dd
        class="govuk-summary-list__value"
      />
    </div>
    <div
      class="govuk-summary-list__row"
    >
      <dt
        class="govuk-summary-list__key"
      >
        DDA schedules
      </dt>
      <dd
        class="govuk-summary-list__value"
        id="dda-ddaSchedules"
      >
         123 
      </dd>
      <dd
        class="govuk-summary-list__value"
      />
    </div>
    <div
      class="govuk-summary-list__row"
    >
      <dt
        class="govuk-summary-list__key"
      >
        Seatbelts fitted
      </dt>
      <dd
        class="govuk-summary-list__value"
        id="dda-seatbeltsFitted"
      >
         3 
      </dd>
      <dd
        class="govuk-summary-list__value"
      />
    </div>
    <div
      class="govuk-summary-list__row"
    >
      <dt
        class="govuk-summary-list__key"
      >
        DDA notes
      </dt>
      <dd
        class="govuk-summary-list__value"
        id="dda-ddaNotes"
      >
         all 
      </dd>
      <dd
        class="govuk-summary-list__value"
      />
    </div>
  </dl>
</vtm-dda>
`;
