// Jest Snapshot v1, https://goo.gl/fbAQLP

exports[`AddressFormComponent:  should create controls with default entity 1`] = `
<vtm-address-form
  addressFg={[Function FormGroup]}
  fb={[Function FormBuilder]}
>
  <section
    class="govuk-!-margin-top-6 govuk-!-margin-bottom-6 ng-untouched ng-pristine ng-valid"
    ng-reflect-form="[object Object]"
  >
    <div
      class="govuk-form-group"
    >
      <label
        class="govuk-label govuk-!-font-weight-bold"
        for="test-edit-address1"
      >
         Building and street 
      </label>
      <input
        class="govuk-input govuk-input--width-20 ng-untouched ng-pristine ng-valid"
        formcontrolname="address1"
        id="test-edit-address1"
        ng-reflect-name="address1"
        type="text"
      />
    </div>
    <div
      class="govuk-form-group"
    >
      <label
        class="govuk-label govuk-!-font-weight-bold"
        for="test-edit-address2"
      />
      <input
        class="govuk-input govuk-input--width-20 ng-untouched ng-pristine ng-valid"
        formcontrolname="address2"
        id="test-edit-address2"
        ng-reflect-name="address2"
        type="text"
      />
    </div>
    <div
      class="govuk-form-group"
    >
      <label
        class="govuk-label govuk-!-font-weight-bold"
        for="test-edit-postTown"
      >
         Town or city 
      </label>
      <input
        class="govuk-input govuk-input--width-20 ng-untouched ng-pristine ng-valid"
        formcontrolname="postTown"
        id="test-edit-postTown"
        ng-reflect-name="postTown"
        type="text"
      />
    </div>
    <div
      class="govuk-form-group"
    >
      <label
        class="govuk-label govuk-!-font-weight-bold"
        for="test-edit-address3"
      >
         County (optional) 
      </label>
      <input
        class="govuk-input govuk-input--width-20 ng-untouched ng-pristine ng-valid"
        formcontrolname="address3"
        id="test-edit-address3"
        ng-reflect-name="address3"
        type="text"
        vtmnullvalue=""
      />
    </div>
    <div
      class="govuk-form-group"
    >
      <label
        class="govuk-label govuk-!-font-weight-bold"
        for="test-edit-psotCode"
      >
         Postcode (optional) 
      </label>
      <input
        class="govuk-input govuk-input--width-20 ng-untouched ng-pristine ng-valid"
        formcontrolname="postCode"
        id="test-edit-postCode"
        ng-reflect-name="postCode"
        type="text"
        vtmnullvalue=""
      />
    </div>
    <div
      class="govuk-form-group"
    >
      <label
        class="govuk-label govuk-!-font-weight-bold"
        for="test-edit-telephoneNumber"
      >
         Telephone number (optional) 
      </label>
      <input
        class="govuk-input govuk-input--width-20 ng-untouched ng-pristine ng-valid"
        formcontrolname="telephoneNumber"
        id="test-edit-telephoneNumber"
        ng-reflect-name="telephoneNumber"
        type="text"
        vtmnullvalue=""
      />
    </div>
    <div
      class="govuk-form-group"
    >
      <label
        class="govuk-label govuk-!-font-weight-bold"
        for="test-edit-emailAddress"
      >
         Email address (optional) 
      </label>
      <input
        class="govuk-input govuk-input--width-20 ng-untouched ng-pristine ng-valid"
        formcontrolname="emailAddress"
        id="test-edit-emailAddress"
        ng-reflect-name="emailAddress"
        type="text"
        vtmnullvalue=""
      />
    </div>
  </section>
</vtm-address-form>
`;
