// Jest Snapshot v1, https://goo.gl/fbAQLP

exports[`VehicleSummaryHgvComponent should create view only with populated data 1`] = `
<vtm-vehicle-summary-hgv
  activeRecord={[Function Object]}
>
  <dl
    class="govuk-summary-list"
  >
    <div
      class="govuk-summary-list__row"
    >
      <dt
        class="govuk-summary-list__key"
      >
         Speed limiter exempt 
      </dt>
      <dd
        class="govuk-summary-list__value"
        id="test-speedLimiterMrk"
      >
         Yes 
      </dd>
      <dd
        class="govuk-summary-list__value"
      />
    </div>
    <div
      class="govuk-summary-list__row"
    >
      <dt
        class="govuk-summary-list__key"
      >
         Tacho exempt 
      </dt>
      <dd
        class="govuk-summary-list__value"
        id="test-tachoExemptMrk"
      >
         Yes 
      </dd>
      <dd
        class="govuk-summary-list__value"
      />
    </div>
    <div
      class="govuk-summary-list__row"
    >
      <dt
        class="govuk-summary-list__key"
      >
         Euro standard 
      </dt>
      <dd
        class="govuk-summary-list__value"
        id="test-euroStandard"
      >
         6 
      </dd>
      <dd
        class="govuk-summary-list__value"
      />
    </div>
    <div
      class="govuk-summary-list__row"
    >
      <dt
        class="govuk-summary-list__key"
      >
         Fuel/propulsion system 
      </dt>
      <dd
        class="govuk-summary-list__value"
        id="test-fuelpropulsionsystem"
      >
         gas 
      </dd>
      <dd
        class="govuk-summary-list__value"
      />
    </div>
    <div
      class="govuk-summary-list__row"
    >
      <dt
        class="govuk-summary-list__key"
      >
         Number of wheels driven 
      </dt>
      <dd
        class="govuk-summary-list__value"
        id="test-numberOfWheelsDriven"
      >
         4 
      </dd>
      <dd
        class="govuk-summary-list__value"
      />
    </div>
    <div
      class="govuk-summary-list__row"
    >
      <dt
        class="govuk-summary-list__key"
      >
         Emission limit 
      </dt>
      <dd
        class="govuk-summary-list__value"
        id="test-emissionsLimit"
      >
         23 
      </dd>
      <dd
        class="govuk-summary-list__value"
      />
    </div>
    <div
      class="govuk-summary-list__row"
    >
      <dt
        class="govuk-summary-list__key"
      >
         Drawbar coupling fitted 
      </dt>
      <dd
        class="govuk-summary-list__value"
        id="test-drawbarCouplingFitted"
      >
         Yes 
      </dd>
      <dd
        class="govuk-summary-list__value"
      />
    </div>
    <div
      class="govuk-summary-list__row"
    >
      <dt
        class="govuk-summary-list__key"
      >
         Offroad vehicle 
      </dt>
      <dd
        class="govuk-summary-list__value"
        id="test-offRoad"
      >
         No 
      </dd>
      <dd
        class="govuk-summary-list__value"
      />
    </div>
    <div
      class="govuk-summary-list__row"
    >
      <dt
        class="govuk-summary-list__key"
      >
         Road friendly suspension 
      </dt>
      <dd
        class="govuk-summary-list__value"
        id="test-roadFriendly"
      >
         - 
      </dd>
      <dd
        class="govuk-summary-list__value"
      />
    </div>
  </dl>
</vtm-vehicle-summary-hgv>
`;
