// Jest Snapshot v1, https://goo.gl/fbAQLP

exports[`VehicleSummaryComponent should create view only with populated data 1`] = `
<vtm-vehicle-summary
  activeRecord={[Function Object]}
  editState="false"
  vehicleClassDescription={[Function String]}
>
  <dl
    class="govuk-summary-list"
  >
    <div
      class="govuk-summary-list__row"
    >
      <dt
        class="govuk-summary-list__key"
      >
         Vehicle type 
      </dt>
      <dd
        class="govuk-summary-list__value"
        id="test-vehicleType"
      >
         - 
      </dd>
      <dd
        class="govuk-summary-list__value"
      />
    </div>
    <div
      class="govuk-summary-list__row"
    >
      <dt
        class="govuk-summary-list__key"
      >
         Date of first registration 
      </dt>
      <dd
        class="govuk-summary-list__value"
        id="test-regnDate"
      >
        
        <span>
          -
        </span>
      </dd>
      <dd
        class="govuk-summary-list__value"
      />
    </div>
     - 
    
    <div
      class="govuk-summary-list__row"
    >
      <dt
        class="govuk-summary-list__key"
      >
         Year of manufacture 
      </dt>
      <dd
        class="govuk-summary-list__value"
        id="test-manufactureYear"
      >
         - 
      </dd>
      <dd
        class="govuk-summary-list__value"
      />
    </div>
    <div
      class="govuk-summary-list__row"
    >
      <dt
        class="govuk-summary-list__key"
      >
         Number of axles 
      </dt>
      <dd
        class="govuk-summary-list__value"
        id="test-noOfaxles"
      >
         - 
      </dd>
      <dd
        class="govuk-summary-list__value"
      />
    </div>
    <div
      class="govuk-summary-list__row"
    >
      <dt
        class="govuk-summary-list__key"
      >
         DTP number 
      </dt>
      <dd
        class="govuk-summary-list__value"
        id="test-dtpNumber"
      >
        
        <span>
          -
        </span>
      </dd>
      <dd
        class="govuk-summary-list__value"
      />
    </div>
    <div
      class="govuk-summary-list__row"
    >
      <dt
        class="govuk-summary-list__key"
      >
         Axles fitted with a parking brake 
      </dt>
      <dd
        class="govuk-summary-list__value"
        id="test-parkingBrakeMrk"
      >
        
        
        
        <div>
          
          <div>
            <span
              id="test-parkingBrakeMrkAxle-1"
            >
              Axle 1
            </span>
          </div>
        </div>
        
      </dd>
      <dd
        class="govuk-summary-list__value"
      />
    </div>
    
    <div
      class="govuk-summary-list__row"
    >
      <dt
        class="govuk-summary-list__key"
      >
         Road friendly suspension 
      </dt>
      <dd
        class="govuk-summary-list__value"
        id="test-roadFriendly"
      >
         - 
      </dd>
      <dd
        class="govuk-summary-list__value"
      />
    </div>
    <div
      class="govuk-summary-list__row"
    >
      <dt
        class="govuk-summary-list__key"
      >
         Vehicle class 
      </dt>
      <dd
        class="govuk-summary-list__value"
        id="test-vehicleClassDescription"
      >
         Motorbikes over 200cc 
      </dd>
      <dd
        class="govuk-summary-list__value"
      />
    </div>
    <div
      class="govuk-summary-list__row"
    >
      <dt
        class="govuk-summary-list__key"
      >
         Vehicle configuration 
      </dt>
      <dd
        class="govuk-summary-list__value"
        id="test-vehicleConfiguration"
      >
         - 
      </dd>
      <dd
        class="govuk-summary-list__value"
      />
    </div>
    
    
    
    
    
    
    
    
    
    
    <div
      class="govuk-summary-list__row"
    >
      <dt
        class="govuk-summary-list__key"
      >
         EU vehicle category 
      </dt>
      <dd
        class="govuk-summary-list__value"
        id="test-euVehicleCategory"
      >
         - 
      </dd>
      <dd
        class="govuk-summary-list__value"
      />
    </div>
    
    <div
      class="govuk-summary-list__row"
    >
      <dt
        class="govuk-summary-list__key"
      >
         Departmental vehicle marker 
      </dt>
      <dd
        class="govuk-summary-list__value"
        id="test-departmentalVehicleMarker"
      >
         - 
      </dd>
      <dd
        class="govuk-summary-list__value"
      />
    </div>
    <div
      class="govuk-summary-list__row"
    >
      <dt
        class="govuk-summary-list__key"
      >
         Alteration marker 
      </dt>
      <dd
        class="govuk-summary-list__value"
        id="test-alterationMarker"
      >
         - 
      </dd>
      <dd
        class="govuk-summary-list__value"
      />
    </div>
  </dl><dl
    class="govuk-summary-list"
  >
    <h2
      class="govuk-heading-m"
    >
      Type Approval
    </h2>
    <div
      class="govuk-summary-list__row"
    >
      <dt
        class="govuk-summary-list__key"
      >
        Approval type
      </dt>
      <dd
        class="govuk-summary-list__value"
        id="test-approvalType"
      >
         approval 
      </dd>
      <dd
        class="govuk-summary-list__value"
      />
    </div>
    <div
      class="govuk-summary-list__row"
    >
      <dt
        class="govuk-summary-list__key"
      >
        Approval type number
      </dt>
      <dd
        class="govuk-summary-list__value"
        id="test-approvalTypeNumber"
      >
         - 
      </dd>
      <dd
        class="govuk-summary-list__value"
      />
    </div>
    <div
      class="govuk-summary-list__row"
    >
      <dt
        class="govuk-summary-list__key"
      >
        National type approval number
      </dt>
      <dd
        class="govuk-summary-list__value"
        id="test-ntaNumber"
      >
         4566 
      </dd>
      <dd
        class="govuk-summary-list__value"
      />
    </div>
    <div
      class="govuk-summary-list__row"
    >
      <dt
        class="govuk-summary-list__key"
      >
        Variant number
      </dt>
      <dd
        class="govuk-summary-list__value"
        id="test-variantNumber"
      >
         123 
      </dd>
      <dd
        class="govuk-summary-list__value"
      />
    </div>
    <div
      class="govuk-summary-list__row"
    >
      <dt
        class="govuk-summary-list__key"
      >
        Variant version number
      </dt>
      <dd
        class="govuk-summary-list__value"
        id="test-variantVersionNumber"
      >
         - 
      </dd>
      <dd
        class="govuk-summary-list__value"
      />
    </div>
    
    
    
  </dl>
</vtm-vehicle-summary>
`;

exports[`VehicleSummaryComponent should render the editable component if editState is true 1`] = `
<vtm-vehicle-summary
  activeRecord={[Function Object]}
  editState={[Function Boolean]}
  vehicleClassDescription={[Function String]}
>
  <dl
    class="govuk-summary-list"
  >
    <div
      class="govuk-summary-list__row"
    >
      <dt
        class="govuk-summary-list__key"
      >
        <vtm-vehicle-summary-edit
          ng-reflect-tech-record="[object Object]"
        >
          <div>
            active record is: {
    "statusCode": "provisional",
    "adrDetails": {
      "vehicleDetails": {
        "approvalDate": "2020-03-10",
        "type": "centre axle battery"
      },
      "listStatementApplicable": false,
      "batteryListNumber": "",
      "declarationsSeen": false,
      "brakeDeclarationsSeen": false,
      "brakeDeclarationIssuer": "",
      "brakeEndurance": false,
      "weight": "",
      "compatibilityGroupJ": false,
      "documents": [],
      "permittedDangerousGoods": [
        "AT"
      ],
      "additionalExaminerNotes": "",
      "applicantDetails": {
        "name": "Ben",
        "street": "Robert green",
        "city": "Birmingham",
        "town": "lala land",
        "postcode": "NG4 12Z"
      },
      "memosApply": [],
      "additionalNotes": {
        "number": [],
        "guidanceNotes": []
      },
      "adrTypeApprovalNo": ""
    },
    "approvalType": "approval",
    "variantNumber": "123",
    "ntaNumber": "4566",
    "vehicleClass": {
      "code": "2",
      "description": "motorbikes over 200cc"
    },
    "axles": [
      {
        "parkingBrakeMrk": true,
        "axleNumber": 1,
        "brakes": {
          "brakeActuator": 123,
          "leverLength": 123,
          "springBrakeParking": true
        },
        "tyres": {
          "tyreSize": "16",
          "plyRating": "12S",
          "fitmentCode": "12313",
          "dataTrAxles": 1234
        },
        "weights": {
          "gbWeight": 100,
          "kerbWeight": 150,
          "designWeight": 250,
          "eecWeight": 150
        }
      }
    ]
  }
          </div>
        </vtm-vehicle-summary-edit>
      </dt>
    </div>
  </dl>
</vtm-vehicle-summary>
`;
