// Jest Snapshot v1, https://goo.gl/fbAQLP

exports[`AxleBrakesComponent should create view only with populated data 1`] = `
<vtm-axle-brakes
  axle={[Function Object]}
  vehicleType={[Function String]}
>
  <dl
    class="govuk-summary-list"
  >
    <div
      class="govuk-summary-list__row"
    >
      <dt
        class="govuk-summary-list__key"
      >
        Axle (1)
      </dt>
      <dd
        class="govuk-summary-list__value"
      />
    </div>
    <div
      class="govuk-summary-list__row"
    >
      <dt
        class="govuk-summary-list__key"
      >
        Brake actuator
      </dt>
      <dd
        class="govuk-summary-list__value"
        id="test-brakes-brakeActuator"
      >
         123 
      </dd>
      <dd
        class="govuk-summary-list__value"
      />
    </div>
    <div
      class="govuk-summary-list__row"
    >
      <dt
        class="govuk-summary-list__key"
      >
        Lever length
      </dt>
      <dd
        class="govuk-summary-list__value"
        id="test-brakes-leverLength"
      >
         123 
      </dd>
      <dd
        class="govuk-summary-list__value"
      />
    </div>
    <div
      class="govuk-summary-list__row"
    >
      <dt
        class="govuk-summary-list__key"
      >
        Spring brake parking
      </dt>
      <dd
        class="govuk-summary-list__value"
        id="test-brakes-springBrakeParking"
      >
         Yes 
      </dd>
      <dd
        class="govuk-summary-list__value"
      />
    </div>
  </dl>
</vtm-axle-brakes>
`;
