// Jest Snapshot v1, https://goo.gl/fbAQLP

exports[`TechnicalRecordsContainer should render the container 1`] = `
<vtm-technical-record-container
  activeTechRecord$={[Function AnonymousSubject]}
  canEdit$={[Function Observable]}
  createState$={[Function Observable]}
  metaData$={[Function AnonymousSubject]}
  store={[Function MockStore]}
  testResults$={[Function BehaviorSubject]}
  vehicleTechnicalRecord$={[Function AnonymousSubject]}
  viewState$={[Function AnonymousSubject]}
>
  <div
    class="govuk-width-container"
  >
    <a
      class="govuk-back-link"
      vtmbackbutton=""
    >
      Back
    </a>
    <main
      class="govuk-main-wrapper"
    >
      <vtm-technical-record
        ng-reflect-can-edit="0"
        ng-reflect-edit-state="0"
        ng-reflect-meta-data="[object Object]"
        ng-reflect-test-result-json="[object Object]"
        ng-reflect-vehicle-tech-record="[object Object]"
      >
        <div>
          Current or Selected Vehicle Tech Record: {
    "techRecord": [
      {
        "statusCode": "provisional",
        "adrDetails": {
          "vehicleDetails": {
            "approvalDate": "2020-03-10",
            "type": "centre axle battery"
          },
          "listStatementApplicable": false,
          "batteryListNumber": "",
          "declarationsSeen": false,
          "brakeDeclarationsSeen": false,
          "brakeDeclarationIssuer": "",
          "brakeEndurance": false,
          "weight": "",
          "compatibilityGroupJ": false,
          "documents": [],
          "permittedDangerousGoods": [
            "AT"
          ],
          "additionalExaminerNotes": "",
          "applicantDetails": {
            "name": "Ben",
            "street": "Robert green",
            "city": "Birmingham",
            "town": "lala land",
            "postcode": "NG4 12Z"
          },
          "memosApply": [],
          "additionalNotes": {
            "number": [],
            "guidanceNotes": []
          },
          "adrTypeApprovalNo": ""
        }
      }
    ]
  }
        </div>
        <div>
          Active record based on Statuscode: null
        </div>
        <div>
          MetaData: {
    "adrDetails": {
      "memosApplyFe": [
        "07/09 3mth leak ext"
      ],
      "tank": {
        "tankStatement": {
          "substancesPermittedFe": [
            "Substances permitted under the tank code and any special provisions specified in 9 may be carried",
            "Substances (Class UN number and if necessary packing group and proper shipping name) may be carried"
          ]
        }
      },
      "additionalNotes": {
        "guidanceNotesFe": [
          "New certificate requested"
        ],
        "numberFe": [
          "V1B",
          "T1B"
        ]
      },
      "permittedDangerousGoodsFe": [
        "FP &lt;61 (FL)",
        "AT",
        "Explosives (type 2)"
      ],
      "vehicleDetails": {
        "typeFe": [
          "Artic tractor",
          "Semi trailer battery",
          "Centre axle tank",
          "Centre axle battery"
        ]
      }
    }
  }
        </div>
        <div>
          View state is: VIEW ONLY
        </div>
      </vtm-technical-record>
    </main>
  </div>
</vtm-technical-record-container>
`;
