// Jest Snapshot v1, https://goo.gl/fbAQLP

exports[`DimensionsComponent should create view only with populated data 1`] = `
<vtm-dimensions
  activeRecord={[Function Object]}
>
  <table
    class="govuk-table table-details"
  >
    <thead
      class="govuk-table__head"
    >
      <tr
        class="govuk-table__row"
      >
        <th
          class="govuk-table__cell govuk-!-font-weight-bold"
        >
          Length (mm)
        </th>
        <td
          class="govuk-table__cell"
          id="test-length"
        >
           100 
        </td>
        <th
          class="govuk-table__cell"
        />
        <th
          class="govuk-table__cell"
        />
        <th
          class="govuk-table__cell"
        />
        <th
          class="govuk-table__cell"
        />
      </tr>
    </thead>
    <tbody
      class="govuk-table__body"
    >
      <tr
        class="govuk-table__row"
      >
        <th
          class="govuk-table__cell govuk-!-font-weight-bold"
        >
          Width (mm)
        </th>
        <td
          class="govuk-table__cell"
          id="test-width"
        >
           100 
        </td>
        <td
          class="govuk-table__cell"
        />
        <td
          class="govuk-table__cell"
        />
        <td
          class="govuk-table__cell"
        />
        <td
          class="govuk-table__cell"
        />
      </tr>
      
      <tr
        class="govuk-table__row"
      >
        <th
          class="govuk-table__cell govuk-!-font-weight-bold"
        >
          Front axle to rear axle (mm)
        </th>
        <td
          class="govuk-table__cell"
          id="test-frontAxleToRearAxle"
        >
           - 
        </td>
        <td
          class="govuk-table__cell"
        />
        <td
          class="govuk-table__cell"
        />
        <td
          class="govuk-table__cell"
        />
        <td
          class="govuk-table__cell"
        />
      </tr>
      
      
      
      <tr
        class="govuk-table__row"
      >
        <th
          class="govuk-table__cell"
        />
        <td
          class="govuk-table__cell govuk-!-font-weight-bold"
        >
          Minimum (mm)
        </td>
        <td
          class="govuk-table__cell govuk-!-font-weight-bold"
        >
          Maximum (mm)
        </td>
        <td
          class="govuk-table__cell"
        />
        <td
          class="govuk-table__cell"
        />
        <td
          class="govuk-table__cell"
        />
      </tr>
      
      
      
      
    </tbody>
  </table>
</vtm-dimensions>
`;
