// Jest Snapshot v1, https://goo.gl/fbAQLP

exports[`DialogBoxComponent should create 1`] = `
<vtm-dialog-box
  data={[Function Object]}
  dialogRef={[Function Object]}
>
  <div
    class="mat-dialog-content"
    mat-dialog-content=""
  >
    <h2
      class="govuk-heading-l"
    >
      
    </h2>
    <textarea
      aria-describedby="reasonForCreation"
      class="govuk-textarea govuk-!-width-three-quarters ng-untouched ng-pristine ng-valid"
      id="test-reasonForCreation"
      rows="8"
    >
        
    </textarea>
  </div><div
    class="govuk-grid-row"
  >
    <div
      class="govuk-grid-column-one-quarter govuk-!-margin-right-0 govuk-!-padding-right-0"
    >
      <button
        cdkfocusinitial=""
        class="govuk-button"
        data-module="govuk-button"
        id="test-"
      >
          
      </button>
    </div>
    <div
      class="govuk-grid-column-one-quarter govuk-!-margin-right-0 govuk-!-padding-right-0 govuk-!-padding-top-2"
    >
      <a
        class="govuk-link govuk-!-margin-left-2"
        href="javascript:void(0)"
      >
        <span>
          Cancel
        </span>
      </a>
    </div>
  </div>
</vtm-dialog-box>
`;
