// Jest Snapshot v1, https://goo.gl/fbAQLP

exports[`BrakesComponent should create view only with populated data 1`] = `
<vtm-brakes
  brakes={[Function Object]}
  currentVehicleType={[Function String]}
>
  <dl
    class="govuk-summary-list"
  >
    <div
      class="govuk-summary-list__row"
    >
      <dt
        class="govuk-summary-list__key"
      >
        Load sensing valve
      </dt>
      <dd
        class="govuk-summary-list__value"
        id="test-brakes-loadSensingValve"
      >
         No 
      </dd>
      <dd
        class="govuk-summary-list__value"
      />
    </div>
    <div
      class="govuk-summary-list__row"
    >
      <dt
        class="govuk-summary-list__key"
      >
        Antilock braking system
      </dt>
      <dd
        class="govuk-summary-list__value"
        id="test-brakes-antilockBrakingSystem"
      >
         Yes 
      </dd>
      <dd
        class="govuk-summary-list__value"
      />
    </div>
  </dl>
</vtm-brakes>
`;
