// Jest Snapshot v1, https://goo.gl/fbAQLP

exports[`NotesEditComponent should create 1`] = `
<vtm-notes-edit
  currentState="0"
  testResultChildForm={[Function FormGroupDirective]}
  testType={[Function Object]}
  testTypeGroup="null"
>
  <div
    class="govuk-grid-row"
  >
    <div
      class="govuk-grid-column-full"
    >
      <div
        class="govuk-form-group"
        formgroupname="testType"
      >
        <fieldset
          class="govuk-fieldset"
        >
          <div
            class="govuk-form-group"
          >
            <div
              class="govuk-grid-row govuk-!-margin-bottom-3"
            >
              <div
                class="govuk-grid-column-one-half"
              >
                <span
                  class="govuk-hint"
                  id="more-detail-hint"
                >
                   Will not be present in the certificate 
                </span>
                
                <textarea
                  class="govuk-textarea"
                  formcontrolname="additionalNotesRecorded"
                  id="test-additionalNotesRecorded"
                  rows="5"
                />
              </div>
            </div>
          </div>
        </fieldset>
      </div>
    </div>
  </div>
</vtm-notes-edit>
`;
