// Jest Snapshot v1, https://goo.gl/fbAQLP

exports[`ApplicantDetailsEditComponent should create with initialized form controls 1`] = `
<vtm-applicant-details-edit
  adrForm={[Function FormGroup]}
  applicantDetails={[Function Object]}
  booleanOptions={[Function Object]}
  detectChange={[Function ViewRef_]}
  fb={[Function FormBuilder]}
  onDestroy$={[Function Subject]}
  parent={[Function FormGroupDirective]}
  validationMapper={[Function ValidationMapper]}
>
  <div
    class="govuk-grid-row"
  >
    <div
      class="govuk-grid-column-full"
    >
      <div
        class="govuk-form-group"
      >
        <fieldset
          class="govuk-fieldset"
        >
          <form
            class="ng-untouched ng-pristine ng-valid"
            ng-reflect-form="[object Object]"
            novalidate=""
          >
            <h2
              class="govuk-heading-m"
            >
              Applicant details
            </h2>
            <div
              class="govuk-form-group ng-untouched ng-pristine ng-valid"
              formgroupname="applicantDetails"
              ng-reflect-name="applicantDetails"
            >
              <div
                class="govuk-form-group"
              >
                <label
                  class="govuk-label govuk-!-font-weight-bold"
                  for="name"
                >
                   Name 
                </label>
                <input
                  class="govuk-input govuk-input--width-20 ng-untouched ng-pristine ng-valid"
                  formcontrolname="name"
                  id="name"
                  ng-reflect-name="name"
                  type="text"
                />
              </div>
              <div
                class="govuk-form-group"
              >
                <label
                  class="govuk-label govuk-!-font-weight-bold"
                  for="street"
                >
                   Street 
                </label>
                <input
                  class="govuk-input govuk-input--width-20 ng-untouched ng-pristine ng-valid"
                  formcontrolname="street"
                  id="street"
                  ng-reflect-name="street"
                  type="text"
                />
              </div>
              <div
                class="govuk-form-group"
              >
                <label
                  class="govuk-label govuk-!-font-weight-bold"
                  for="town"
                >
                   Town 
                </label>
                <input
                  class="govuk-input govuk-input--width-20 ng-untouched ng-pristine ng-valid"
                  formcontrolname="town"
                  id="town"
                  ng-reflect-name="town"
                  type="text"
                />
              </div>
              <div
                class="govuk-form-group"
              >
                <label
                  class="govuk-label govuk-!-font-weight-bold"
                  for="city"
                >
                   City 
                </label>
                <input
                  class="govuk-input govuk-input--width-20 ng-untouched ng-pristine ng-valid"
                  formcontrolname="city"
                  id="city"
                  ng-reflect-name="city"
                  type="text"
                />
              </div>
              <div
                class="govuk-form-group"
              >
                <label
                  class="govuk-label govuk-!-font-weight-bold"
                  for="postcode"
                >
                   Postcode 
                </label>
                <input
                  class="govuk-input govuk-input--width-10 ng-untouched ng-pristine ng-valid"
                  formcontrolname="postcode"
                  id="postcode"
                  ng-reflect-name="postcode"
                  type="text"
                />
              </div>
            </div>
          </form>
        </fieldset>
      </div>
    </div>
  </div>
</vtm-applicant-details-edit>
`;
